2026-07-17T12:09:27+08:00 done latest=2026-07-16 top9=30 34 19 37 18 22 09 05 12
2026-07-18T18:46:43+08:00 done latest=2026-07-17 top9=31 25 18 37 22 05 04 23 09
2026-07-20T20:01:10+08:00 done latest=2026-07-19 top9=18 27 06 20 38 26 34 16 14
2026-07-22T10:34:49+08:00 done latest=2026-07-21 top9=07 21 32 37 10 27 18 05 06
2026-07-22T19:24:40+08:00 done latest=2026-07-22 top9=04 28 14 20 16 07 31 25 17
2026-07-23T19:23:18+08:00 done latest=2026-07-23 top9=31 18 14 02 23 22 28 21 20
2026-07-25T18:51:24+08:00 done latest=2026-07-25 top9=37 14 18 35 05 31 32 39 26
2026-07-27T12:29:11+08:00 done latest=2026-07-26 top9=32 30 18 17 03 29 10 33 31
2026-07-28T19:36:07+08:00 done latest=2026-07-28 top9=18 04 29 33 14 19 15 06 01
2026-07-28T22:59:42+08:00 done latest=2026-07-28 top9=18 04 29 33 14 19 15 06 01
2026-07-29T19:40:38+08:00 done latest=2026-07-29 top9=03 14 33 27 02 35 26 31 07
2026-07-29T22:42:29+08:00 done latest=2026-07-29 top9=03 14 33 27 02 35 26 31 07
2026-07-31T19:39:18+08:00 done latest=2026-07-31 top9=01 21 05 18 25 37 16 35 19
2026-07-31T22:59:17+08:00 done latest=2026-07-31 top9=01 21 05 18 25 37 16 35 19
2026-08-03T20:42:56+08:00 done latest=2026-08-02 top9=20 09 25 02 26 22 33 36 35
2026-08-04T23:37:38+08:00 done latest=2026-08-04 top9=08 33 12 26 25 28 29 14 07
2026-08-06T19:41:29+08:00 done latest=2026-08-06 top9=01 32 15 05 07 18 31 35 25
2026-08-06T22:54:37+08:00 done latest=2026-08-06 top9=01 32 15 05 07 18 31 35 25
2026-08-07T18:27:06+08:00 done latest=2026-08-07 top9=16 31 29 08 11 03 06 05 09
2026-08-07T19:22:51+08:00 done latest=2026-08-07 top9=16 31 29 08 11 03 06 05 09
2026-08-07T20:09:50+08:00 done latest=2026-08-07 top9=16 31 29 08 11 03 06 05 09
2026-08-07T21:50:20+08:00 done latest=2026-08-07 top9=16 31 29 08 11 03 06 05 09
2026-08-07T23:26:38+08:00 done latest=2026-08-07 top9=16 31 29 08 11 03 06 05 09
2026-08-09T18:05:47+08:00 done latest=2026-08-09 top9=25 21 02 35 28 20 39 10 31
2026-08-09T19:03:02+08:00 done latest=2026-08-09 top9=25 21 02 35 28 20 39 10 31
2026-08-09T19:56:50+08:00 done latest=2026-08-09 top9=25 21 02 35 28 20 39 10 31
2026-08-09T21:31:38+08:00 done latest=2026-08-09 top9=25 21 02 35 28 20 39 10 31
2026-08-09T22:10:44+08:00 done latest=2026-08-09 top9=25 21 02 35 28 20 39 10 31
2026-08-09T23:02:08+08:00 done latest=2026-08-09 top9=25 21 02 35 28 20 39 10 31
2026-08-12T20:11:08+08:00 done latest=2026-08-12 top9=02 12 10 34 36 30 22 08 18
2026-08-12T21:58:02+08:00 done latest=2026-08-12 top9=02 12 10 34 36 30 22 08 18
2026-08-12T23:30:03+08:00 done latest=2026-08-12 top9=02 12 10 34 36 30 22 08 18
2026-08-13T18:36:55+08:00 done latest=2026-08-13 top9=37 36 04 17 11 33 21 29 10
2026-08-13T20:10:33+08:00 done latest=2026-08-13 top9=37 36 04 17 11 33 21 29 10
2026-08-13T21:58:13+08:00 done latest=2026-08-13 top9=37 36 04 17 11 33 21 29 10
2026-08-13T23:31:24+08:00 done latest=2026-08-13 top9=37 36 04 17 11 33 21 29 10
2026-08-14T18:33:50+08:00 done latest=2026-08-14 top9=12 21 36 27 35 29 13 15 01
2026-08-14T20:09:02+08:00 done latest=2026-08-14 top9=12 21 36 27 35 29 13 15 01
2026-08-14T21:54:25+08:00 done latest=2026-08-14 top9=12 21 36 27 35 29 13 15 01
2026-08-14T23:22:56+08:00 done latest=2026-08-14 top9=12 21 36 27 35 29 13 15 01
2026-08-17T18:06:03+08:00 done latest=2026-08-16 top9=25 11 14 39 02 20 10 06 17
2026-08-18T23:25:10+08:00 done latest=2026-08-18 top9=14 16 13 02 27 20 06 30 21
2026-08-20T19:57:34+08:00 done latest=2026-08-19 top9=18 25 39 35 08 38 32 10 01
2026-08-20T21:27:55+08:00 done latest=2026-08-20 top9=30 29 12 19 07 16 34 32 37
2026-08-20T22:09:37+08:00 done latest=2026-08-20 top9=30 29 12 19 07 16 34 32 37
2026-08-20T23:05:48+08:00 done latest=2026-08-20 top9=30 29 12 19 07 16 34 32 37
2026-08-21T18:01:32+08:00 done latest=2026-08-21 top9=03 13 16 30 38 20 18 36 27
2026-08-21T18:58:36+08:00 done latest=2026-08-21 top9=03 13 16 30 38 20 18 36 27
2026-08-21T19:53:55+08:00 done latest=2026-08-21 top9=03 13 16 30 38 20 18 36 27
2026-08-21T21:27:28+08:00 done latest=2026-08-21 top9=03 13 16 30 38 20 18 36 27
